
Environment notin not found. Legal names are empty,oracle,postgres,unknown
