Not going to initialise because it already exists. Use --force to override
