Initialised config in .dbpath\dbpath.config.json.
You need to edit it to set up the database access information
