Current environment is dev
Environment Type     Host      Port Database Schema   UserName Connection
dev         postgres localhost 5432 postgres postgres phil
oracle      oracle                                    phil     localhost/xepdb1
