{
  "driver": "CREATE TABLE DriverTable ( id integer,livesIn string,age integer,dateOfBirth date,personalCar string );",
  "driver_aud": "CREATE TABLE driver_aud ( driverId integer,who string,action string,date string );",
  "mission": "CREATE TABLE mission ( id number );",
  "mission_aud": "CREATE TABLE mission_aud ( missionId integer );"
}
