
Cannot display stored meta data for dev. Perhaps you need to dbpath metadata refresh dev.  Reason is
Cannot find .dbpath\dev. Started looking in C:\git\dbpath\tests\simple
