Environment: dev
select T0.*
   from drivertable T0
