driverid name id mission
1        phil 1  m1
2        joe  2  m2
