[
  {
    "driverid": 1,
    "name": "phil",
    "id": 1,
    "mission": "m1"
  },
  {
    "driverid": 2,
    "name": "joe",
    "id": 2,
    "mission": "m2"
  }
]
