{
  "meta": {
    "columns": []
  },
  "rows": [
    {
      "driverid": 1,
      "name": "phil"
    },
    {
      "driverid": 2,
      "name": "joe"
    }
  ]
}
