select T0.*
   from DriverTable T0 where T0.name='fred'
