Links:
  (driverid=id)driver_aud, (driverid=driverid)mission
