Environment: dev
select T0.*, T1.*
   from public.drivertable T0, public.mission T1 where T0.driverid = T1.driverid
LIMIT 3 OFFSET 3
