select T0.*
   from DriverTable T0 where T0.id=123
