Links:
  (id=id)mission_aud, (driverid=driverid)drivertable
