Links:
  driver_aud, drivertable, mission, mission_aud
