Environment Up   Type     Host      Port Database Schema UserName Connection       Errors
dev         true postgres localhost 5432 postgres public phil
oracle      true oracle                           PHIL   phil     localhost/xepdb1
