Name        Table       PK        Links              Params           Views
driver      DriverTable driverId  mission,audit      name,employeeNum all,short
driver_aud  driver_aud  driverId                                      all,short
mission     mission     missionId driver,mission_aud date             all,short
mission_aud mission_aud missionId                                     all,short
