Environment: oracle
driver
driverid name
1        phil
2        joe

driver.mission
driverid name id driverid_1 mission
1        phil 1  1          m1
2        joe  2  2          m2

driver.mission.driver
driverid name id driverid_1 mission driverid_2 name_1
1        phil 1  1          m1      1          phil
2        joe  2  2          m2      2          joe

driver.mission.driver.audit
driverid name id driverid_1 mission driverid_2 name_1 id_1 who  what
1        phil 1  1          m1      1          phil   1    phil insert1
2        joe  2  2          m2      2          joe    2    phil insert2

