driver
{
  "meta": {
    "columns": []
  },
  "rows": [
    {
      "driverid": 1,
      "name": "phil"
    },
    {
      "driverid": 2,
      "name": "joe"
    }
  ]
}

driver.mission
{
  "meta": {
    "columns": []
  },
  "rows": [
    {
      "driverid": 1,
      "name": "phil",
      "id": 1
    },
    {
      "driverid": 2,
      "name": "joe",
      "id": 2
    }
  ]
}

driver.mission.driver
{
  "meta": {
    "columns": []
  },
  "rows": [
    {
      "driverid": 1,
      "name": "phil",
      "id": 1
    },
    {
      "driverid": 2,
      "name": "joe",
      "id": 2
    }
  ]
}

driver.mission.driver.audit
{
  "meta": {
    "columns": []
  },
  "rows": [
    {
      "driverid": 1,
      "name": "phil",
      "id": 1,
      "who": "phil",
      "what": "insert1"
    },
    {
      "driverid": 2,
      "name": "joe",
      "id": 2,
      "who": "phil",
      "what": "insert2"
    }
  ]
}

